[backblue.gif]
[fade.gif]
[index.html]
[zenka-kash.vercel.app/images/icons/icon-72x72.2.delayed]
[zenka-kash.vercel.app/manifest.json]
[zenka-kash.vercel.app/images/icons/icon-192x192.3.delayed]
[zenka-kash.vercel.app/index.html]
[zenka-kash.vercel.app/service-worker.js]
[zenka-kash.vercel.app/images/apple-touch-icon.7.delayed]
[zenka-kash.vercel.app/images/favicon-32x32.8.delayed]
[zenka-kash.vercel.app/images/favicon-16x16.9.delayed]
[zenka-kash.vercel.app/images/site.a.delayed]
[zenka-kash.vercel.app/about.f.delayed]
[zenka-kash.vercel.app/assets/process.gif]
[zenka-kash.vercel.app/contact.10.delayed]
[zenka-kash.vercel.app/signup.html]
[zenka-kash.vercel.app/images/icons/icon-72x72.html]
[zenka-kash.vercel.app/images/icons/icon-192x192.html]
[zenka-kash.vercel.app/reviewpage.html]
[zenka-kash.vercel.app/index.js]
[zenka-kash.vercel.app/dashboard.12.delayed]
[zenka-kash.vercel.app/login.html]
[zenka-kash.vercel.app/images/apple-touch-icon.html]
[zenka-kash.vercel.app/images/favicon-32x32.html]
[zenka-kash.vercel.app/images/favicon-16x16.html]
[zenka-kash.vercel.app/images/site.html]
[zenka-kash.vercel.app/main.css]
[zenka-kash.vercel.app/shared.css]
[zenka-kash.vercel.app/index-2.html]
[zenka-kash.vercel.app/about.html]
[zenka-kash.vercel.app/contact.html]
[zenka-kash.vercel.app/dashboard.html]
[zenka-kash.vercel.app/bg.jpg]
